// Jest Snapshot v1, https://goo.gl/fbAQLP

exports[`matches snapshot 1`] = `
<DocumentFragment>
  <div>
    <div
      class="makeStyles-upper-17"
    />
    <div
      class="MuiGrid-root makeStyles-aboutBox-20 MuiGrid-container MuiGrid-justify-content-xs-center"
    >
      <div
        class="MuiGrid-root MuiGrid-item MuiGrid-grid-xs-12"
      >
        <p
          class="MuiTypography-root MuiTypography-body1 MuiTypography-alignCenter"
        >
          <img
            alt="AYC Logo"
            class="makeStyles-logo-18"
            src="/images/logos/Logo03a.png"
          />
        </p>
      </div>
      <div
        class="MuiGrid-root MuiGrid-item MuiGrid-grid-xs-12"
      >
        <h4
          class="MuiTypography-root MuiTypography-h4 MuiTypography-alignCenter"
        >
          It Starts With a Conversation
        </h4>
      </div>
      <div
        class="MuiGrid-root MuiGrid-item MuiGrid-grid-xs-12 MuiGrid-grid-sm-8 MuiGrid-grid-md-6"
      >
        <h6
          class="MuiTypography-root MuiTypography-subtitle1 MuiTypography-alignCenter"
        >
          Lorem ipsum dolor sit, amet consectetur adipisicing elit. Lorem ipsum dolor sit amet, consectetur adipisicing elit. Libero at voluptate officiis sed atque, ipsam quod est dicta veritatis eaque aut, sequi sapiente veniam eveniet aliquid totam?
        </h6>
      </div>
      <div
        class="MuiGrid-root makeStyles-contactBox-24 MuiGrid-container MuiGrid-item MuiGrid-justify-content-xs-center"
      >
        <div
          class="MuiGrid-root MuiGrid-container MuiGrid-item MuiGrid-align-items-xs-center MuiGrid-grid-xs-12 MuiGrid-grid-sm-4 MuiGrid-grid-lg-3"
        >
          <div
            class="MuiGrid-root MuiGrid-item"
          >
            <p
              class="MuiTypography-root MuiTypography-body1 MuiTypography-alignCenter"
            >
              <a
                class="MuiTypography-root MuiLink-root MuiLink-underlineHover MuiTypography-colorPrimary"
                href="tel:1231231234"
              >
                <span
                  aria-hidden="true"
                  class="material-icons MuiIcon-root"
                >
                  <img
                    alt="phone icon"
                    class="makeStyles-mainIcon-19"
                    src="ic_contact_phone.svg"
                  />
                </span>
              </a>
            </p>
          </div>
          <div
            class="MuiGrid-root makeStyles-contactText-27 MuiGrid-item"
          >
            <h6
              class="MuiTypography-root makeStyles-contactTitle-25 MuiTypography-subtitle2"
            >
              CALL US
            </h6>
            <p
              class="MuiTypography-root makeStyles-contactSubtitle-26 MuiTypography-body1"
            >
              123-123-1234
            </p>
          </div>
        </div>
        <div
          class="MuiGrid-root MuiGrid-container MuiGrid-item MuiGrid-align-items-xs-center MuiGrid-grid-xs-12 MuiGrid-grid-sm-4 MuiGrid-grid-lg-3"
        >
          <div
            class="MuiGrid-root MuiGrid-item"
          >
            <p
              class="MuiTypography-root MuiTypography-body1 MuiTypography-alignCenter"
            >
              <a
                class="MuiTypography-root MuiLink-root MuiLink-underlineHover MuiTypography-colorPrimary"
                href="mailto:test@email.com"
              >
                 
                <span
                  aria-hidden="true"
                  class="material-icons MuiIcon-root"
                >
                  <img
                    alt="email icon"
                    class="makeStyles-mainIcon-19"
                    src="ic_contact_mail.svg"
                  />
                </span>
              </a>
            </p>
          </div>
          <div
            class="MuiGrid-root makeStyles-contactText-27 MuiGrid-item"
          >
            <h6
              class="MuiTypography-root makeStyles-contactTitle-25 MuiTypography-subtitle2"
            >
              EMAIL US
            </h6>
            <p
              class="MuiTypography-root makeStyles-contactSubtitle-26 MuiTypography-body1"
            >
              test@email.com
            </p>
          </div>
        </div>
      </div>
    </div>
    <div
      class="MuiGrid-root makeStyles-form-22 MuiGrid-container MuiGrid-justify-content-xs-center"
    >
      <div
        class="MuiGrid-root MuiGrid-item"
      >
        <h5
          class="MuiTypography-root makeStyles-message-23 MuiTypography-h5"
        >
          Send a Message
        </h5>
        <div>
          <form
            action="#"
          >
            <div
              class="MuiFormControl-root MuiTextField-root"
            >
              <label
                class="MuiFormLabel-root MuiInputLabel-root MuiInputLabel-formControl MuiInputLabel-animated"
                data-shrink="false"
              >
                name*
              </label>
              <div
                class="MuiInputBase-root MuiInput-root MuiInput-underline MuiInputBase-formControl MuiInput-formControl"
              >
                <input
                  aria-invalid="false"
                  class="MuiInputBase-input MuiInput-input"
                  name="name"
                  type="name"
                  value=""
                />
              </div>
            </div>
            <br />
            <div
              class="MuiFormControl-root MuiTextField-root"
            >
              <label
                class="MuiFormLabel-root MuiInputLabel-root MuiInputLabel-formControl MuiInputLabel-animated"
                data-shrink="false"
              >
                email*
              </label>
              <div
                class="MuiInputBase-root MuiInput-root MuiInput-underline MuiInputBase-formControl MuiInput-formControl"
              >
                <input
                  aria-invalid="false"
                  class="MuiInputBase-input MuiInput-input"
                  name="email"
                  type="email"
                  value=""
                />
              </div>
            </div>
            <br />
            <div
              class="MuiFormControl-root MuiTextField-root"
            >
              <label
                class="MuiFormLabel-root MuiInputLabel-root MuiInputLabel-formControl MuiInputLabel-animated"
                data-shrink="false"
              >
                company
              </label>
              <div
                class="MuiInputBase-root MuiInput-root MuiInput-underline MuiInputBase-formControl MuiInput-formControl"
              >
                <input
                  aria-invalid="false"
                  class="MuiInputBase-input MuiInput-input"
                  name="company"
                  type="company"
                  value=""
                />
              </div>
            </div>
            <br />
            <div
              class="MuiFormControl-root MuiTextField-root"
            >
              <label
                class="MuiFormLabel-root MuiInputLabel-root MuiInputLabel-formControl MuiInputLabel-animated"
                data-shrink="false"
              >
                phone
              </label>
              <div
                class="MuiInputBase-root MuiInput-root MuiInput-underline MuiInputBase-formControl MuiInput-formControl"
              >
                <input
                  aria-invalid="false"
                  class="MuiInputBase-input MuiInput-input"
                  name="phone"
                  type="phone"
                  value=""
                />
              </div>
            </div>
            <br />
            <div
              class="MuiFormControl-root MuiTextField-root"
            >
              <label
                class="MuiFormLabel-root MuiInputLabel-root MuiInputLabel-formControl MuiInputLabel-animated"
                data-shrink="false"
              >
                message
              </label>
              <div
                class="MuiInputBase-root MuiInput-root MuiInput-underline MuiInputBase-formControl MuiInput-formControl MuiInputBase-multiline MuiInput-multiline"
              >
                <textarea
                  aria-invalid="false"
                  class="MuiInputBase-input MuiInput-input MuiInputBase-inputMultiline MuiInput-inputMultiline"
                  name="message"
                  rows="1"
                  style="height: 0px; overflow: hidden;"
                />
                <textarea
                  aria-hidden="true"
                  class="MuiInputBase-input MuiInput-input MuiInputBase-inputMultiline MuiInput-inputMultiline"
                  readonly=""
                  style="visibility: hidden; position: absolute; overflow: hidden; height: 0px; top: 0px; left: 0px; transform: translateZ(0); width: 100%;"
                  tabindex="-1"
                />
              </div>
            </div>
            <br />
            <br />
            <button
              class="MuiButtonBase-root MuiButton-root MuiButton-contained makeStyles-linkButton-29 MuiButton-containedPrimary"
              tabindex="0"
              type="submit"
            >
              <span
                class="MuiButton-label"
              >
                Send A Message
              </span>
              <span
                class="MuiTouchRipple-root"
              />
            </button>
          </form>
        </div>
      </div>
    </div>
  </div>
</DocumentFragment>
`;
