// Jest Snapshot v1, https://goo.gl/fbAQLP

exports[`matches snapshot 1`] = `
<DocumentFragment>
  <div
    class="makeStyles-root-7"
  >
    <div
      class="MuiGrid-root makeStyles-contactItem-8 MuiGrid-container MuiGrid-align-items-xs-center MuiGrid-justify-content-xs-center"
    >
      <div
        class="MuiGrid-root MuiGrid-item MuiGrid-grid-xs-12"
      >
         
        <h6
          class="MuiTypography-root makeStyles-thickText-10 MuiTypography-subtitle1 MuiTypography-alignCenter"
        >
          OUR RESULTS SPEAK FOR THEMSELVES
        </h6>
      </div>
      <div
        class="MuiGrid-root MuiGrid-item MuiGrid-grid-xs-12"
      >
         
        <h4
          class="MuiTypography-root makeStyles-contactSubTitle-11 MuiTypography-h4 MuiTypography-alignCenter"
        >
          Get In Touch to See How We Can Help
        </h4>
      </div>
      <div
        class="MuiGrid-root MuiGrid-item MuiGrid-grid-xs-12"
      >
        <h6
          class="MuiTypography-root makeStyles-contactText-12 MuiTypography-subtitle1 MuiTypography-alignCenter"
        >
          Lorem ipsum dolor sit amet consectetur adipisicing elit. Dolor facilis id aspernatur sit non quod fugit eaque similique consequatur tempora!
        </h6>
      </div>
      <div
        class="MuiGrid-root MuiGrid-item MuiGrid-grid-xs-12"
      >
         
        <p
          class="MuiTypography-root makeStyles-contactText-12 MuiTypography-body1 MuiTypography-alignCenter"
        >
          <a
            aria-disabled="false"
            class="MuiButtonBase-root MuiButton-root MuiButton-contained makeStyles-button-9 MuiButton-containedPrimary"
            href="/contact"
            role="button"
            tabindex="0"
          >
            <span
              class="MuiButton-label"
            >
              Send a Message
            </span>
            <span
              class="MuiTouchRipple-root"
            />
          </a>
        </p>
      </div>
    </div>
  </div>
</DocumentFragment>
`;
