// Jest Snapshot v1, https://goo.gl/fbAQLP

exports[`matches snapshot 1`] = `
<DocumentFragment>
  <div>
    <div
      class="makeStyles-upper-4"
    />
    <div
      class="MuiGrid-root makeStyles-form-5 MuiGrid-container MuiGrid-align-items-xs-center MuiGrid-justify-content-xs-center"
    >
      <div
        class="MuiGrid-root MuiGrid-item"
      >
        <h5
          class="MuiTypography-root makeStyles-message-6 MuiTypography-h5"
        >
          Edit Video with Id: 
        </h5>
        <form
          action="#"
        >
          <div
            class="MuiFormControl-root MuiTextField-root"
          >
            <label
              class="MuiFormLabel-root MuiInputLabel-root MuiInputLabel-formControl MuiInputLabel-animated"
              data-shrink="false"
            >
              name*
            </label>
            <div
              class="MuiInputBase-root MuiInput-root MuiInput-underline MuiInputBase-formControl MuiInput-formControl"
            >
              <input
                aria-invalid="false"
                class="MuiInputBase-input MuiInput-input"
                name="name"
                type="name"
                value=""
              />
            </div>
          </div>
          <br />
          <div
            class="MuiFormControl-root MuiTextField-root"
          >
            <label
              class="MuiFormLabel-root MuiInputLabel-root MuiInputLabel-formControl MuiInputLabel-animated"
              data-shrink="false"
            >
              description
            </label>
            <div
              class="MuiInputBase-root MuiInput-root MuiInput-underline MuiInputBase-formControl MuiInput-formControl MuiInputBase-multiline MuiInput-multiline"
            >
              <textarea
                aria-invalid="false"
                class="MuiInputBase-input MuiInput-input MuiInputBase-inputMultiline MuiInput-inputMultiline"
                name="description"
                rows="1"
                style="height: 0px; overflow: hidden;"
              />
              <textarea
                aria-hidden="true"
                class="MuiInputBase-input MuiInput-input MuiInputBase-inputMultiline MuiInput-inputMultiline"
                readonly=""
                style="visibility: hidden; position: absolute; overflow: hidden; height: 0px; top: 0px; left: 0px; transform: translateZ(0); width: 100%;"
                tabindex="-1"
              />
            </div>
          </div>
          <br />
          <div
            class="MuiFormControl-root MuiTextField-root"
          >
            <label
              class="MuiFormLabel-root MuiInputLabel-root MuiInputLabel-formControl MuiInputLabel-animated"
              data-shrink="false"
            >
              link
            </label>
            <div
              class="MuiInputBase-root MuiInput-root MuiInput-underline MuiInputBase-formControl MuiInput-formControl MuiInputBase-multiline MuiInput-multiline"
            >
              <textarea
                aria-invalid="false"
                class="MuiInputBase-input MuiInput-input MuiInputBase-inputMultiline MuiInput-inputMultiline"
                name="link"
                rows="1"
                style="height: 0px; overflow: hidden;"
              />
              <textarea
                aria-hidden="true"
                class="MuiInputBase-input MuiInput-input MuiInputBase-inputMultiline MuiInput-inputMultiline"
                readonly=""
                style="visibility: hidden; position: absolute; overflow: hidden; height: 0px; top: 0px; left: 0px; transform: translateZ(0); width: 100%;"
                tabindex="-1"
              />
            </div>
          </div>
          <br />
          <br />
          <div
            class="MuiButtonGroup-root"
            role="group"
          >
            <button
              class="MuiButtonBase-root MuiButton-root MuiButton-contained MuiButtonGroup-grouped MuiButtonGroup-groupedHorizontal MuiButtonGroup-groupedOutlined MuiButtonGroup-groupedOutlinedHorizontal MuiButtonGroup-groupedOutlined MuiButton-containedPrimary"
              tabindex="0"
              type="submit"
            >
              <span
                class="MuiButton-label"
              >
                Submit
              </span>
              <span
                class="MuiTouchRipple-root"
              />
            </button>
            <div>
              <button
                class="MuiButtonBase-root MuiButton-root MuiButton-contained MuiButton-containedSecondary"
                tabindex="0"
                type="button"
              >
                <span
                  class="MuiButton-label"
                >
                  Delete
                </span>
                <span
                  class="MuiTouchRipple-root"
                />
              </button>
            </div>
          </div>
        </form>
      </div>
      <div
        class="MuiGrid-root makeStyles-form-5 MuiGrid-container MuiGrid-justify-content-xs-center"
      >
        <div
          class="MuiGrid-root MuiGrid-item"
        >
          <h5
            class="MuiTypography-root makeStyles-message-6 MuiTypography-h5"
          >
            Tags:
          </h5>
          <div>
            <h2>
              Add a Tag
            </h2>
            <form
              action="#"
            >
              <select
                name="tag"
              >
                <option>
                  Select a tag
                </option>
              </select>
              <br />
              <br />
              <button
                class="MuiButtonBase-root MuiButton-root MuiButton-contained MuiButton-containedPrimary"
                tabindex="0"
                type="submit"
              >
                <span
                  class="MuiButton-label"
                >
                  Add Tag
                </span>
                <span
                  class="MuiTouchRipple-root"
                />
              </button>
            </form>
          </div>
        </div>
      </div>
    </div>
  </div>
</DocumentFragment>
`;
