// Jest Snapshot v1, https://goo.gl/fbAQLP

exports[`matches snapshot 1`] = `
<DocumentFragment>
  <div>
    <div
      class="MuiPaper-root MuiCard-root makeStyles-playerWrapper-3 MuiPaper-elevation1 MuiPaper-rounded"
    >
      <div
        class="makeStyles-reactPlayer-4"
        style="width: 100%; height: 100%;"
      />
    </div>
  </div>
</DocumentFragment>
`;
